[labrys.io/index.html]
[labrys.io/_next/static/media/a343f882a40d2cc9-s.p.0kho-wj7-y-w1d07a.woff2]
[labrys.io/_next/static/chunks/17192x85wofc.d07a.css]
[labrys.io/_next/static/chunks/0ouves966ytwud07a.css]
[labrys.io/_next/static/chunks/0mfb40uayi3snd07a.js]
[labrys.io/_next/static/chunks/07a9r08wgnhmdd07a.js]
[labrys.io/_next/static/chunks/0jdsf2-3aq92id07a.js]
[labrys.io/_next/static/chunks/02o_blc33vl3ld07a.js]
[labrys.io/_next/static/chunks/turbopack-0ki-vl_mkja6ud07a.js]
[labrys.io/_next/static/chunks/0wa6lziz.4widd07a.js]
[labrys.io/_next/static/chunks/088cg_3zp4k.7d07a.js]
[labrys.io/_next/static/chunks/05..h.nw6s_xyd07a.js]
[labrys.io/_next/static/chunks/0_37.6br2zdogd07a.js]
[labrys.io/_next/static/chunks/07g_040_gocvsd07a.js]
[labrys.io/_next/static/chunks/144xg_mmqpbbwd07a.js]
[labrys.io/_next/static/chunks/0oxr.9g06lngxd07a.js]
[labrys.io/_next/static/chunks/0j0a34vyo0_9vd07a.js]
[labrys.io/_next/static/chunks/0u4hj2z20u0pld07a.js]
[labrys.io/_next/static/chunks/0z483dkqssm4rd07a.js]
[labrys.io/_next/static/chunks/0445ojzlnbrw8d07a.js]
[backblue.gif]
[fade.gif]
[index.html]
[labrys.io/_next/static/chunks/076gj9-uvkubbd07a.js]
[labrys.io/favicon.ico]
[labrys.io/_next/static/chunks/03_yq9q893hmnd07a.js]
[labrys.io/_next/logo_text_dark24c3.svg]
[labrys.io/projects.html]
[labrys.io/insights.html]
[labrys.io/about.html]
[labrys.io/contact.html]
[labrys.io/_next/autonomous9d87.png]
[labrys.io/_next/immutable5089.png]
[labrys.io/_next/circle7020.svg]
[labrys.io/_next/cloud91ead.svg]
[labrys.io/_next/downer63fa.svg]
[labrys.io/_next/fjord-foundry4ca3.svg]
[labrys.io/_next/hashlock44b4.svg]
[labrys.io/_next/layerzerod878.svg]
[labrys.io/_next/liquifi51f1.svg]
[labrys.io/_next/nzddc24f.svg]
[labrys.io/_next/pier-twoc277.svg]
[labrys.io/_next/swellfde5.svg]
[labrys.io/_next/sunflower-landb4c0.svg]
[labrys.io/_next/vanabc98.svg]
[labrys.io/_next/vpa-connect0a22.svg]
[labrys.io/_next/eclipseca8c.svg]
[labrys.io/_next/fluidity2da3.svg]
[labrys.io/_next/myshell4e67.svg]
[labrys.io/_next/rock-solid7f3c.svg]
[labrys.io/_next/sweetcbc9.png]
[labrys.io/_next/sentientdafd.svg]
[labrys.io/_next/sweet-dark-mode08b2.png]
[labrys.io/_next/DECA64bf.png]
[labrys.io/_next/glue51e5.svg]
[labrys.io/_next/hlv7e4c.svg]
[labrys.io/_next/shrapnel3998.svg]
[labrys.io/_next/spekterb7ae.svg]
[labrys.io/_next/superposition04c3.svg]
[labrys.io/_next/the-deposit-holder5af1.svg]
[labrys.io/_next/thirdweb5c05.svg]
[labrys.io/_next/utilaff00.svg]
[labrys.io/services-blockchain/blockchain-consulting.html]
[labrys.io/services-blockchain.html]
[labrys.io/services-blockchain/product-discovery-workshops.html]
[labrys.io/services-blockchain/dapp-design-prototyping.html]
[labrys.io/services-ai.html]
[labrys.io/services-ai/ai-audit-opportunity-assessment.html]
[labrys.io/services-ai/process-efficiency-consulting.html]
[labrys.io/services-ai/education-workshops.html]
[labrys.io/_next/01-plan-light6189.png]
[labrys.io/_next/01-plan-dark2248.png]
[labrys.io/_next/02-build-lighte576.png]
[labrys.io/_next/02-build-darkea52.png]
[labrys.io/_next/03-assure-light1134.png]
[labrys.io/_next/03-assure-dark7e72.png]
[labrys.io/_next/04-launch-light4c0e.png]
[labrys.io/_next/04-launch-dark5d8a.png]
[labrys.io/projects/rock-solid.html]
[labrys.io/_next/rock-solid-heroc844.jpg]
[labrys.io/projects/pectra-staking-manager.html]
[labrys.io/_next/pectra-staking-manager-hero3a0c.webp]
[labrys.io/projects/longtail.html]
[labrys.io/_next/longtail-hero30d7.webp]
[labrys.io/brand-assets.html]
[labrys.io/privacy-policy.html]
[labrys.io/logo.png]
[labrys.io/static/chunks/0j0a34vyo0_9v.57d07a.delayed]
[labrys.io/index.html]
[labrys.io/_next/static/chunks/17192x85wofc.d07a.css]
[labrys.io/_next/static/chunks/0ouves966ytwud07a.css]
[labrys.io/_next/logo_text_dark24c3.svg]
[labrys.io/images/logos/clients/layerzero.svg]
[labrys.io/images/logos/clients/pectra-staking-manager.svg]
[labrys.io/images/logos/clients/hashlock.svg]
[labrys.io/images/logos/clients/spekter-games.svg]
[labrys.io/images/logos/clients/pier-two.svg]
[labrys.io/images/logos/clients/rock-solid.svg]
[labrys.io/images/logos/clients/vpa-connect.svg]
[labrys.io/images/logos/clients/the-deposit-holder.svg]
[labrys.io/images/logos/clients/vana.svg]
[labrys.io/images/logos/clients/swell-network.svg]
[labrys.io/_next/static/chunks/11pd6aiutp2d0d07a.js]
[labrys.io/images/logos/clients/fjord-foundry.svg]
[labrys.io/images/logos/clients/sentient.svg]
[labrys.io/images/logos/clients/eclipse.svg]
[labrys.io/images/logos/clients/glue.svg]
[labrys.io/images/logos/clients/one-wallet-wins.svg]
[labrys.io/images/logos/clients/ten-one-oh-two.png]
[labrys.io/images/logos/clients/downer.svg]
[labrys.io/images/logos/clients/grtwines.svg]
[labrys.io/images/logos/clients/mandala-chain.png]
[labrys.io/images/logos/clients/nzdd.svg]
[labrys.io/images/logos/clients/earth-fund.svg]
[labrys.io/images/logos/clients/pegs.svg]
[labrys.io/images/logos/clients/csens.svg]
[labrys.io/images/logos/clients/aurox.svg]
[labrys.io/projects/layerzero.html]
[labrys.io/projects/hashlock-ai-auditor.html]
[labrys.io/projects/spekter-games.html]
[labrys.io/projects/pier-two.html]
[labrys.io/projects/vpa-connect.html]
[labrys.io/projects/the-deposit-holder.html]
[labrys.io/projects/vana.html]
[labrys.io/projects/swell-network.html]
[labrys.io/projects/fjord-foundry.html]
[labrys.io/projects/sentient.html]
[labrys.io/projects/eclipse.html]
[labrys.io/projects/glue.html]
[labrys.io/projects/one-wallet-wins.html]
[labrys.io/projects/ten-one-oh-two.html]
[labrys.io/projects/downer.html]
[labrys.io/projects/grtwines.html]
[labrys.io/projects/mandala-chain.html]
[labrys.io/projects/nzdd.html]
[labrys.io/projects/earth-fund.html]
[labrys.io/projects/pegs.html]
[labrys.io/projects/csens.html]
[labrys.io/projects/aurox.html]
[labrys.io/projects/discovery-bot.html]
[labrys.io/_next/discovery-bot-hero58af.jpg]
[labrys.io/projects.html]
[labrys.io/_next/static/chunks/12z_ooasyhnrpd07a.js]
[labrys.io/insights/glamsterdam-whats-next-on-ethereums-upgrade-path.html]
[labrys.io/_next/glamsterdam-whats-next-on-ethereums-upgrade-path7454.jpg]
[labrys.io/insights/dont-panic-the-paradox-of-ai-productivity.html]
[labrys.io/_next/dont-panic-the-paradox-of-ai-productivity-card943b.jpg]
[labrys.io/insights/why-we-refreshed-our-brand.html]
[labrys.io/_next/why-we-refreshed-our-brand-card1d71.jpg]
[labrys.io/insights/dont-wonder-just-ponder.html]
[labrys.io/_next/dont-wonder-just-ponder-card-v3bd83.jpg]
[labrys.io/_next/building-with-stripe-card-v2be93.jpg]
[labrys.io/insights/building-with-stripe.html]
[labrys.io/insights/why-ai-fails-in-production.html]
[labrys.io/_next/why-ai-fails-in-production-card-v3e516.jpg]
[labrys.io/insights/developers-guide-building-telegram-ton.html]
[labrys.io/_next/developers-guide-building-telegram-ton-card-v3bc80.jpg]
[labrys.io/_next/building-with-labrys-hashlocks-ai-audit-tool-card-v216ee.jpg]
[labrys.io/insights/building-with-labrys-hashlocks-ai-audit-tool.html]
[labrys.io/insights/superposition-case-study.html]
[labrys.io/_next/superposition-case-study-labrys-v2-carda75e.jpg]
[labrys.io/_next/whats-depin-all-aboutcf90.jpg]
[labrys.io/insights/whats-depin-all-about.html]
[labrys.io/insights/pectra-the-upgrade-set-to-transform-ethereum.html]
[labrys.io/_next/pectra-the-upgrade-set-to-transform-ethereum-labrys-v2-cardbf28.jpg]
[labrys.io/insights/understanding-blockchain-oracles.html]
[labrys.io/_next/understanding-blockchain-oracles-card-v2dcd6.jpg]
[labrys.io/insights/building-with-labrys-the-west-57th-story.html]
[labrys.io/_next/building-with-labrys-the-west-57th-story8126.jpg]
[labrys.io/insights/unpacking-defi-on-bitcoin-pioneering-efforts.html]
[labrys.io/_next/unpacking-defi-on-bitcoin-pioneering-efforts-labrys-v2-card1c35.jpg]
[labrys.io/insights/geth-staking.html]
[labrys.io/_next/geth-staking-labrys-v2-card7d66.jpg]
[labrys.io/insights/btc-etf-approval-countdown.html]
[labrys.io/_next/btc-etf-approval-countdown-labrys-v2-card47c5.jpg]
[labrys.io/insights/eip-4844-proto-danksharding.html]
[labrys.io/_next/eip-4844-proto-danksharding-labrys-v2-card84e3.jpg]
[labrys.io/insights/industry-health-check.html]
[labrys.io/_next/industry-health-checkbf26.webp]
[labrys.io/insights/rollups.html]
[labrys.io/_next/rollups-labrys-v2-cardc0bb.jpg]
[labrys.io/insights/six-years-in.html]
[labrys.io/_next/six-years-in6cdd.jpg]
[labrys.io/insights/three-common-mistakes.html]
[labrys.io/_next/three-common-mistakes-labrys-v2-card4afe.jpg]
[labrys.io/insights.html]
[labrys.io/_next/static/chunks/14_lzxs-s580gd07a.js]
[labrys.io/images/logos/clients/myshell.svg]
[labrys.io/images/logos/clients/indexfun.svg]
[labrys.io/images/logos/clients/fluidity.svg]
[labrys.io/images/logos/clients/chronoforge.png]
[labrys.io/images/logos/clients/random-games.svg]
[labrys.io/images/logos/clients/midnight.svg]
[labrys.io/images/logos/clients/destore.svg]
[labrys.io/images/logos/clients/superposition.svg]
[labrys.io/images/logos/clients/sweet.png]
[labrys.io/images/logos/clients/cloud9.svg]
[labrys.io/images/logos/clients/cere.svg]
[labrys.io/images/logos/clients/chainmyne.svg]
[labrys.io/images/logos/clients/iumicash.svg]
[labrys.io/images/logos/clients/west57th.svg]
[labrys.io/images/logos/clients/selfient.svg]
[labrys.io/images/logos/clients/hlv.png]
[labrys.io/images/logos/clients/sunflower-land.svg]
[labrys.io/images/logos/clients/tapswap.svg]
[labrys.io/images/logos/clients/thirdweb.png]
[labrys.io/images/logos/clients/circle.png]
[labrys.io/images/logos/clients/utila.png]
[labrys.io/images/logos/clients/liquifi.png]
[labrys.io/images/logos/clients/autonomous.png]
[labrys.io/images/logos/clients/immutable.png]
[labrys.io/images/logos/clients/polyone.svg]
[labrys.io/images/logos/clients/easycrypto.svg]
[labrys.io/about.html]
[labrys.io/images/logos/clients/metalcore.svg]
[labrys.io/_next/static/chunks/09gods1eqkehdd07a.js]
[labrys.io/contact.html]
[labrys.io/_next/logo_darkf67a.svg]
[labrys.io/_next/logo_lighte611.svg]
[labrys.io/_next/circle7020.svg]
[labrys.io/_next/cloud91ead.svg]
[labrys.io/_next/downer63fa.svg]
[labrys.io/_next/fjord-foundry4ca3.svg]
[labrys.io/_next/hashlock44b4.svg]
[labrys.io/_next/layerzerod878.svg]
[labrys.io/_next/liquifi51f1.svg]
[labrys.io/_next/nzddc24f.svg]
[labrys.io/_next/pier-twoc277.svg]
[labrys.io/_next/sunflower-landb4c0.svg]
[labrys.io/_next/swellfde5.svg]
[labrys.io/_next/vanabc98.svg]
[labrys.io/_next/vpa-connect0a22.svg]
[labrys.io/_next/eclipseca8c.svg]
[labrys.io/_next/fluidity2da3.svg]
[labrys.io/_next/myshell4e67.svg]
[labrys.io/_next/rock-solid7f3c.svg]
[labrys.io/_next/sentientdafd.svg]
[labrys.io/_next/glue51e5.svg]
[labrys.io/_next/hlv7e4c.svg]
[labrys.io/_next/shrapnel3998.svg]
[labrys.io/_next/spekterb7ae.svg]
[labrys.io/_next/superposition04c3.svg]
[labrys.io/_next/the-deposit-holder5af1.svg]
[labrys.io/_next/thirdweb5c05.svg]
[labrys.io/_next/utilaff00.svg]
[labrys.io/_next/static/chunks/0zedp_wqslor7d07a.js]
[labrys.io/_next/static/chunks/0o66ivsnntc1wd07a.js]
[labrys.io/_next/glue-hero213c.jpg]
[labrys.io/services-blockchain/web-mobile-apps.html]
[labrys.io/services-blockchain/web3-integrated-applications.html]
[labrys.io/services-blockchain/marketplaces-platforms.html]
[labrys.io/services-blockchain/enterprise-integrations-automation.html]
[labrys.io/services-blockchain/smart-contracts.html]
[labrys.io/_next/layerzero-hero0d48.webp]
[labrys.io/services-blockchain/defi-protocols.html]
[labrys.io/services-blockchain/cross-chain-interoperability.html]
[labrys.io/services-blockchain.html]
[labrys.io/services-blockchain/infrastructure-nodes-indexers.html]
[labrys.io/_next/static/chunks/14_294nxwwtkzd07a.js]
[labrys.io/_next/pier-two-hero0923.jpg]
[labrys.io/services-blockchain/blockchain-consulting.html]
[labrys.io/_next/fjord-foundry-hero1dd1.webp]
[labrys.io/services-blockchain/product-discovery-workshops.html]
[labrys.io/services-blockchain/dapp-design-prototyping.html]
[labrys.io/_next/hashlock-ai-auditor-hero9c80.webp]
[labrys.io/services-ai/adoption-planning.html]
[labrys.io/_next/vana-herobbbe.jpg]
[labrys.io/services-ai/ai-quick-actions-augmented-flows.html]
[labrys.io/services-ai/ai-assisted-customer-journeys.html]
[labrys.io/services-ai/copilots-internal-tools.html]
[labrys.io/services-ai/human-in-the-loop-interfaces.html]
[labrys.io/services-ai/chatbots-discovery-assistants.html]
[labrys.io/services-ai/internal-knowledge-support.html]
[labrys.io/services-ai/custom-ai-workflow-solutions.html]
[labrys.io/services-ai/fine-tuning-domain-adaptation.html]
[labrys.io/services-ai/architecture-integration.html]
[labrys.io/services-ai/evaluation-monitoring.html]
[labrys.io/services-ai.html]
[labrys.io/services-ai/ai-audit-opportunity-assessment.html]
[labrys.io/services-ai/process-efficiency-consulting.html]
[labrys.io/services-ai/education-workshops.html]
[labrys.io/_data_image/svg+xml;charset=utf-8,_svg xmlns='http_/www.w3.org/2000/svg' viewBox='0 0 320 200'__filter id='b' color/__feColorMatrix values='1 0 0 0 0 0 1 0 0 0 0 0/__feFlood/filter__image width='10]
[labrys.io/services-ai/governance-controls.html]
[labrys.io/services-ai/optimisation-cost-management.html]
[labrys.io/_data_image/svg+xml;charset=utf-8,_svg xmlns='http_/www.w3.org/2000/svg' viewBox='0 0 320 200'__filter id='b' color/__feColorMatrix values='1 0 0 0 0 0 1 0 0 0 0 0/__feFlood/filter__image width='10-2]
[labrys.io/_next/rock-solid-hero1edb.jpg]
[labrys.io/projects/rock-solid.html]
[labrys.io/_data_image/svg+xml;charset=utf-8,_svg xmlns='http_/www.w3.org/2000/svg' __filter id='b' color-interpolation-filter/__feColorMatrix values='1 0 0 0 0 0 1 0 0 0 0 0/__feFlood/filter__image width='10]
[labrys.io/_next/pectra-staking-manager-hero0a58.jpg]
[labrys.io/projects/pectra-staking-manager.html]
[labrys.io/_data_image/svg+xml;charset=utf-8,_svg xmlns='http_/www.w3.org/2000/svg' __filter id='b' color-interpolation-filter/__feColorMatrix values='1 0 0 0 0 0 1 0 0 0 0 0/__feFlood/filter__image width='10-2]
[labrys.io/_next/longtail-hero603b.jpg]
[labrys.io/projects/longtail.html]
[labrys.io/_next/static/chunks/0fsd3156wrpg8d07a.js]
[labrys.io/brand/labrys-brand-kit.zip]
[labrys.io/brand/logo/labrys-mark-dark.png]
[labrys.io/brand/logo/labrys-mark-light.png]
[labrys.io/_next/labrys-wordmark-dark19b9.svg]
[labrys.io/brand/logo/labrys-wordmark-dark.svg]
[labrys.io/brand/logo/labrys-wordmark-dark.png]
[labrys.io/_next/labrys-wordmark-light6937.svg]
[labrys.io/brand/logo/labrys-wordmark-light.svg]
[labrys.io/brand/logo/labrys-wordmark-light.png]
[labrys.io/_next/labrys-lockup-darkdda6.svg]
[labrys.io/brand/logo/labrys-lockup-dark.svg]
[labrys.io/brand/logo/labrys-lockup-dark.png]
[labrys.io/brand/logo/labrys-lockup-light.svg]
[labrys.io/_next/labrys-lockup-light5895.svg]
[labrys.io/brand/logo/labrys-lockup-light.png]
[labrys.io/brand-assets.html]
[labrys.io/privacy-policy.html]
[labrys.io/static/chunks/404d07a]
[labrys.io/images/logos/clients/layerzero.svg]
[labrys.io/images/logos/clients/pectra-staking-manager.svg]
[labrys.io/images/logos/clients/hashlock.svg]
[labrys.io/images/logos/clients/spekter-games.svg]
[labrys.io/images/logos/clients/pier-two.svg]
[labrys.io/images/logos/clients/rock-solid.svg]
[labrys.io/images/logos/clients/vpa-connect.svg]
[labrys.io/images/logos/clients/the-deposit-holder.svg]
[labrys.io/images/logos/clients/vana.svg]
[labrys.io/images/logos/clients/swell-network.svg]
[labrys.io/images/logos/clients/fjord-foundry.svg]
[labrys.io/images/logos/clients/sentient.svg]
[labrys.io/images/logos/clients/eclipse.svg]
[labrys.io/images/logos/clients/glue.svg]
[labrys.io/images/logos/clients/longtail.svg]
[labrys.io/images/logos/clients/one-wallet-wins.svg]
[labrys.io/images/logos/clients/downer.svg]
[labrys.io/images/logos/clients/grtwines.svg]
[labrys.io/images/logos/clients/nzdd.svg]
[labrys.io/images/logos/clients/earth-fund.svg]
[labrys.io/images/logos/clients/pegs.svg]
[labrys.io/images/logos/clients/csens.svg]
[labrys.io/images/logos/clients/aurox.svg]
[labrys.io/_next/layerzero-hero08b3.jpg]
[labrys.io/projects/layerzero.html]
[labrys.io/_next/hashlock-ai-auditor-hero834c.jpg]
[labrys.io/projects/hashlock-ai-auditor.html]
[labrys.io/_next/spekter-games-hero7d89.webp]
[labrys.io/_next/spekter-games-hero4126.jpg]
[labrys.io/projects/spekter-games.html]
[labrys.io/_next/pier-two-hero2373.jpg]
[labrys.io/projects/pier-two.html]
[labrys.io/_next/vpa-connect-hero95e5.webp]
[labrys.io/_next/vpa-connect-hero0157.jpg]
[labrys.io/projects/vpa-connect.html]
[labrys.io/_next/the-deposit-holder-hero98ab.webp]
[labrys.io/_next/the-deposit-holder-hero460b.jpg]
[labrys.io/projects/the-deposit-holder.html]
[labrys.io/_next/vana-hero2c26.jpg]
[labrys.io/projects/vana.html]
[labrys.io/_next/swell-hero2421.webp]
[labrys.io/_next/swell-herofd21.jpg]
[labrys.io/projects/swell-network.html]
[labrys.io/_next/fjord-foundry-hero778b.jpg]
[labrys.io/projects/fjord-foundry.html]
[labrys.io/_next/sentient-hero0166.webp]
[labrys.io/_next/sentient-herobcd9.jpg]
[labrys.io/projects/sentient.html]
[labrys.io/_next/eclipse-heroedb5.webp]
[labrys.io/_next/eclipse-herod3f7.jpg]
[labrys.io/projects/eclipse.html]
[labrys.io/_next/glue-hero3643.jpg]
[labrys.io/projects/glue.html]
[labrys.io/_next/one-wallet-wins-hero374d.webp]
[labrys.io/_next/one-wallet-wins-herofd6e.jpg]
[labrys.io/projects/one-wallet-wins.html]
[labrys.io/_next/ten-one-oh-two-hero2b29.webp]
[labrys.io/_next/ten-one-oh-two-hero09a5.jpg]
[labrys.io/projects/ten-one-oh-two.html]
[labrys.io/_next/downer-hero5a8f.webp]
[labrys.io/_next/downer-hero8391.jpg]
[labrys.io/projects/downer.html]
[labrys.io/_next/grtwines-hero7708.jpg]
[labrys.io/_next/grtwines-herob8ee.jpg]
[labrys.io/projects/grtwines.html]
[labrys.io/_next/mandala-chain-herofe5e.webp]
[labrys.io/_next/mandala-chain-hero02ff.jpg]
[labrys.io/projects/mandala-chain.html]
[labrys.io/_next/nzdd-hero2cbc.webp]
[labrys.io/_next/nzdd-herofb78.jpg]
[labrys.io/projects/nzdd.html]
[labrys.io/_next/earth-fund-heroafa8.webp]
[labrys.io/_next/earth-fund-hero47ef.jpg]
[labrys.io/projects/earth-fund.html]
[labrys.io/_next/pegs-hero59b9.webp]
[labrys.io/_next/pegs-herof953.jpg]
[labrys.io/projects/pegs.html]
[labrys.io/_next/csens-hero8381.webp]
[labrys.io/_next/csens-hero034d.jpg]
[labrys.io/projects/csens.html]
[labrys.io/_next/aurox-herof657.webp]
[labrys.io/_next/aurox-hero8e77.jpg]
[labrys.io/projects/aurox.html]
[labrys.io/_next/discovery-bot-hero9b22.jpg]
[labrys.io/projects/discovery-bot.html]
[labrys.io/team/luke-shulver.html]
[labrys.io/_next/glamsterdam-whats-next-on-ethereums-upgrade-path-4d783.webp]
[labrys.io/_next/glamsterdam-whats-next-on-ethereums-upgrade-path-30bbc.webp]
[labrys.io/_next/glamsterdam-whats-next-on-ethereums-upgrade-path-29179.webp]
[labrys.io/images/blog/glamsterdam-whats-next-on-ethereums-upgrade-path.webp]
[labrys.io/insights/glamsterdam-whats-next-on-ethereums-upgrade-path.html]
[labrys.io/_next/dont-panic-the-paradox-of-ai-productivity-bannerd3b0.jpg]
[labrys.io/team/barry-earsman.html]
[labrys.io/_next/dont-panic-the-paradox-of-ai-productivity-1a3ae.jpg]
[labrys.io/images/blog/dont-panic-the-paradox-of-ai-productivity-banner.webp]
[labrys.io/insights/dont-panic-the-paradox-of-ai-productivity.html]
[labrys.io/team/joshua-roy.html]
[labrys.io/_next/why-we-refreshed-our-brand175f.jpg]
[labrys.io/images/blog/why-we-refreshed-our-brand.webp]
[labrys.io/insights/why-we-refreshed-our-brand.html]
[labrys.io/team/minjae-lee.html]
[labrys.io/_next/dont-wonder-just-ponder-banner-v34ff3.jpg]
[labrys.io/images/blog/dont-wonder-just-ponder-banner-v3.webp]
[labrys.io/insights/dont-wonder-just-ponder.html]
[labrys.io/team/emilio-barbieri.html]
[labrys.io/_next/building-with-stripe-banner-v27ee9.jpg]
[labrys.io/images/blog/building-with-stripe-banner-v2.webp]
[labrys.io/insights/building-with-stripe.html]
[labrys.io/team/max-taylor.html]
[labrys.io/_next/why-ai-fails-in-production-banner-v377cc.jpg]
[labrys.io/images/blog/why-ai-fails-in-production-banner-v3.webp]
[labrys.io/insights/why-ai-fails-in-production.html]
[labrys.io/_next/developers-guide-building-telegram-ton-banner-v3b7dc.jpg]
[labrys.io/images/blog/developers-guide-building-telegram-ton-banner-v3.webp]
[labrys.io/insights/developers-guide-building-telegram-ton.html]
[labrys.io/_next/building-with-labrys-hashlocks-ai-audit-tool-banner-v20b6f.jpg]
[labrys.io/images/blog/building-with-labrys-hashlocks-ai-audit-tool-banner-v2.webp]
[labrys.io/insights/building-with-labrys-hashlocks-ai-audit-tool.html]
[labrys.io/_next/superposition-case-study-labrys-v2-bannerff7d.jpg]
[labrys.io/_next/whats-depin-all-about-1a16d.webp]
[labrys.io/_next/whats-depin-all-about-295ae.jpg]
[labrys.io/images/blog/generated/superposition-case-study-labrys-v2-banner.webp]
[labrys.io/insights/superposition-case-study.html]
[labrys.io/_next/whats-depin-all-about-11e4a.webp]
[labrys.io/_next/whats-depin-all-about-29307.jpg]
[labrys.io/_next/whats-depin-all-about-32fc7.jpg]
[labrys.io/images/blog/whats-depin-all-about.webp]
[labrys.io/insights/whats-depin-all-about.html]
[labrys.io/_next/pectra-the-upgrade-set-to-transform-ethereum-labrys-v2-banner8388.jpg]
[labrys.io/images/blog/generated/pectra-the-upgrade-set-to-transform-ethereum-labrys-v2-banner.webp]
[labrys.io/insights/pectra-the-upgrade-set-to-transform-ethereum.html]
[labrys.io/_next/understanding-blockchain-oracles-banner-v26c81.jpg]
[labrys.io/_next/understanding-blockchain-oracles-1c7c1.jpg]
[labrys.io/images/blog/understanding-blockchain-oracles-banner-v2.webp]
[labrys.io/insights/understanding-blockchain-oracles.html]
[labrys.io/images/blog/building-with-labrys-the-west-57th-story.webp]
[labrys.io/insights/building-with-labrys-the-west-57th-story.html]
[labrys.io/_next/unpacking-defi-on-bitcoin-pioneering-efforts-labrys-v2-banner980a.jpg]
[labrys.io/_next/unpacking-defi-on-bitcoin-pioneering-efforts-1bc68.webp]
[labrys.io/_next/unpacking-defi-on-bitcoin-pioneering-efforts-2cc44.webp]
[labrys.io/_next/unpacking-defi-on-bitcoin-pioneering-efforts-3970e.webp]
[labrys.io/_next/unpacking-defi-on-bitcoin-pioneering-efforts-417d2.webp]
[labrys.io/images/blog/generated/unpacking-defi-on-bitcoin-pioneering-efforts-labrys-v2-banner.webp]
[labrys.io/insights/unpacking-defi-on-bitcoin-pioneering-efforts.html]
[labrys.io/_next/geth-staking-labrys-v2-bannerdf04.jpg]
[labrys.io/_next/geth-staking-166c1.jpg]
[labrys.io/_next/geth-staking-25922.webp]
[labrys.io/_next/geth-staking-3e2c6.jpg]
[labrys.io/_next/geth-staking-43438.webp]
[labrys.io/_next/geth-staking-5e735.webp]
[labrys.io/_next/geth-staking-61fc4.webp]
[labrys.io/_next/geth-staking-74fa7.webp]
[labrys.io/_next/geth-staking-8ce49.webp]
[labrys.io/images/blog/generated/geth-staking-labrys-v2-banner.webp]
[labrys.io/insights/geth-staking.html]
[labrys.io/_next/btc-etf-approval-countdown-labrys-v2-bannerff3a.jpg]
[labrys.io/_next/btc-etf-approval-countdown-1dac5.webp]
[labrys.io/images/blog/generated/btc-etf-approval-countdown-labrys-v2-banner.webp]
[labrys.io/insights/btc-etf-approval-countdown.html]
[labrys.io/_next/eip-4844-proto-danksharding-labrys-v2-bannerc028.jpg]
[labrys.io/_next/eip-4844-proto-danksharding-1065f.jpg]
[labrys.io/images/blog/generated/eip-4844-proto-danksharding-labrys-v2-banner.webp]
[labrys.io/insights/eip-4844-proto-danksharding.html]
[labrys.io/images/blog/industry-health-check.webp]
[labrys.io/insights/industry-health-check.html]
[labrys.io/_next/rollups-labrys-v2-bannere899.jpg]
[labrys.io/_next/rollups-12962.webp]
[labrys.io/_next/rollups-26790.jpg]
[labrys.io/_next/rollups-3cbac.webp]
[labrys.io/_next/rollups-48a0b.webp]
[labrys.io/_next/rollups-5a150.jpg]
[labrys.io/_next/rollups-699bd.webp]
[labrys.io/_next/rollups-749cd.webp]
[labrys.io/_next/rollups-8b8b7.jpg]
[labrys.io/_next/rollups-9d666.webp]
[labrys.io/_next/rollups-10123e.webp]
[labrys.io/_next/rollups-11787b.webp]
[labrys.io/_next/rollups-12e163.webp]
[labrys.io/_next/rollups-13c644.webp]
[labrys.io/_next/rollups-1411b2.webp]
[labrys.io/_next/rollups-15bad4.webp]
[labrys.io/_next/rollups-1648f7.webp]
[labrys.io/_next/rollups-1749ad.webp]
[labrys.io/_next/rollups-186f22.jpg]
[labrys.io/images/blog/generated/rollups-labrys-v2-banner.webp]
[labrys.io/insights/rollups.html]
[labrys.io/_next/six-years-in-150e4.webp]
[labrys.io/_next/six-years-in-2ea26.jpg]
[labrys.io/_next/six-years-in-393bf.jpg]
[labrys.io/_next/six-years-in-4d3f6.jpg]
[labrys.io/images/blog/six-years-in.webp]
[labrys.io/insights/six-years-in.html]
[labrys.io/_next/three-common-mistakes-labrys-v2-banner06c9.jpg]
[labrys.io/_next/three-common-mistakes-1cd34.webp]
[labrys.io/_next/three-common-mistakes-23728.jpg]
[labrys.io/images/blog/generated/three-common-mistakes-labrys-v2-banner.webp]
[labrys.io/insights/three-common-mistakes.html]
[labrys.io/images/logos/clients/myshell.svg]
[labrys.io/images/logos/clients/indexfun.svg]
[labrys.io/images/logos/clients/fluidity.svg]
[labrys.io/images/logos/clients/random-games.svg]
[labrys.io/images/logos/clients/midnight.svg]
[labrys.io/images/logos/clients/destore.svg]
[labrys.io/images/logos/clients/superposition.svg]
[labrys.io/images/logos/clients/cloud9.svg]
[labrys.io/images/logos/clients/cere.svg]
[labrys.io/images/logos/clients/chainmyne.svg]
[labrys.io/images/logos/clients/iumicash.svg]
[labrys.io/images/logos/clients/west57th.svg]
[labrys.io/images/logos/clients/sunflower-land.svg]
[labrys.io/images/logos/clients/selfient.svg]
[labrys.io/images/logos/clients/tapswap.svg]
[labrys.io/images/logos/clients/polyone.svg]
[labrys.io/images/logos/clients/easycrypto.svg]
[labrys.io/images/logos/clients/metalcore.svg]
[labrys.io/services-blockchain/web-mobile-apps.html]
[labrys.io/services-blockchain/web3-integrated-applications.html]
[labrys.io/services-blockchain/marketplaces-platforms.html]
[labrys.io/services-blockchain/enterprise-integrations-automation.html]
[labrys.io/services-blockchain/smart-contracts.html]
[labrys.io/services-blockchain/defi-protocols.html]
[labrys.io/services-blockchain/cross-chain-interoperability.html]
[labrys.io/services-blockchain/infrastructure-nodes-indexers.html]
[labrys.io/services-blockchain/_data_image/svg+xml;charset=utf-8,_svg xmlns='http_/www.w3.org/2000/svg' __filter id='b' color-interpolation-filter/__feColorMatrix values='1 0 0 0 0 0 1/filter__image width='10]
[labrys.io/services-ai/adoption-planning.html]
[labrys.io/services-ai/ai-quick-actions-augmented-flows.html]
[labrys.io/services-ai/ai-assisted-customer-journeys.html]
[labrys.io/services-ai/copilots-internal-tools.html]
[labrys.io/services-ai/human-in-the-loop-interfaces.html]
[labrys.io/services-ai/chatbots-discovery-assistants.html]
[labrys.io/services-ai/internal-knowledge-support.html]
[labrys.io/services-ai/custom-ai-workflow-solutions.html]
[labrys.io/services-ai/fine-tuning-domain-adaptation.html]
[labrys.io/services-ai/architecture-integration.html]
[labrys.io/services-ai/evaluation-monitoring.html]
[labrys.io/services-ai/governance-controls.html]
[labrys.io/services-ai/optimisation-cost-management.html]
[labrys.io/services-ai/_data_image/svg+xml;charset=utf-8,_svg xmlns='http_/www.w3.org/2000/svg' __filter id='b' color-interpolation-filter/__feColorMatrix values='1 0 0 0 0 0 1 0 0 0 0/filter__image width='10]
[labrys.io/_data_image/svg+xml;charset=utf-8,_svg xmlns='http_/www.w3.org/2000/svg' viewBox='0 0 320 200'__filter id='b' color/__feColorMatrix values='1 0 0 0 0 0 1 0 0 0 0 0/__feFlood/filter__image width='10-2]
[labrys.io/projects/_data_image/svg+xml;charset=utf-8,_svg xmlns='http_/www.w3.org/2000/svg' __filter id='b' color-interpolation-filter/__feColorMatrix values='1 0 0 0 0 0 1 0 0 0 0 0/_/filter__image width='10]
[labrys.io/projects/_data_image/svg+xml;charset=utf-8,_svg xmlns='http_/www.w3.org/2000/svg' viewBox='0 0 800 600'__filter id='b' color/__feColorMatrix values='1 0 0 0 0 0 1 0 0 0 0 0/_/filter__image width='10]
[labrys.io/services-blockchain/_data_image/svg+xml;charset=utf-8,_svg xmlns='http_/www.w3.org/2000/svg' __filter id='b' color-interpolation-filter/__feColorMatrix values='1 0 0 0 0 0 1/filter__image width='10-2]
[labrys.io/_data_image/svg+xml;charset=utf-8,_svg xmlns='http_/www.w3.org/2000/svg' __filter id='b' color-interpolation-filter/__feColorMatrix values='1 0 0 0 0 0 1 0 0 0 0 0/__feFlood/filter__image width='10-2]
[labrys.io/_next/labrys-mark-dark4794.svg]
[labrys.io/brand/logo/labrys-mark-dark.svg]
[labrys.io/_next/labrys-mark-light611e.svg]
[labrys.io/brand/logo/labrys-mark-light.svg]
[labrys.io/_next/labrys-wordmark-dark19b9.svg]
[labrys.io/brand/logo/labrys-wordmark-dark.svg]
[labrys.io/_next/labrys-wordmark-light6937.svg]
[labrys.io/brand/logo/labrys-wordmark-light.svg]
[labrys.io/_next/labrys-lockup-darkdda6.svg]
[labrys.io/brand/logo/labrys-lockup-dark.svg]
[labrys.io/_next/labrys-lockup-light5895.svg]
[labrys.io/brand/logo/labrys-lockup-light.svg]
[labrys.io/projects/_data_image/svg+xml;charset=utf-8,_svg xmlns='http_/www.w3.org/2000/svg' viewBox='0 0 800 600'__filter id='b' color/__feColorMatrix values='1 0 0 0 0 0 1 0 0 0 0 0/_/filter__image width='10-2]
[labrys.io/services-ai/_data_image/svg+xml;charset=utf-8,_svg xmlns='http_/www.w3.org/2000/svg' __filter id='b' color-interpolation-filter/__feColorMatrix values='1 0 0 0 0 0 1 0 0 0 0/filter__image width='10-2]
[labrys.io/projects/_data_image/svg+xml;charset=utf-8,_svg xmlns='http_/www.w3.org/2000/svg' __filter id='b' color-interpolation-filter/__feColorMatrix values='1 0 0 0 0 0 1 0 0 0 0 0/_/filter__image width='10-2]
[labrys.io/_next/static/chunks/0jmg7km8laabud07a.js]
[labrys.io/_next/luke-shulver9ed0.jpg]
[labrys.io/_next/glamsterdam-whats-next-on-ethereums-upgrade-path-card5765.jpg]
[labrys.io/team/luke-shulver.html]
[labrys.io/insights/_data_image/svg+xml;charset=utf-8,_svg xmlns='http_/www.w3.org/2000/svg' __filter id='b' color-interpolation-filter/__feColorMatrix values='1 0 0 0 0 0 1 0 0 0 0 0/_/filter__image width='10]
[labrys.io/insights/_data_image/svg+xml;charset=utf-8,_svg xmlns='http_/www.w3.org/2000/svg' viewBox='0 0 800 450'__filter id='b' color/__feColorMatrix values='1 0 0 0 0 0 1 0 0 0 0 0/_/filter__image width='10]
[labrys.io/insights/_data_image/svg+xml;charset=utf-8,_svg xmlns='http_/www.w3.org/2000/svg' viewBox='0 0 800 450'__filter id='b' color/__feColorMatrix values='1 0 0 0 0 0 1 0 0 0 0 0/_/filter__image width='10-2]
[labrys.io/insights/_data_image/svg+xml;charset=utf-8,_svg xmlns='http_/www.w3.org/2000/svg' __filter id='b' color-interpolation-filter/__feColorMatrix values='1 0 0 0 0 0 1 0 0 0 0 0/_/filter__image width='10-2]
[labrys.io/_next/barry-earsman2f78.jpg]
[labrys.io/team/barry-earsman.html]
[labrys.io/insights/_data_image/svg+xml;charset=utf-8,_svg xmlns='http_/www.w3.org/2000/svg' viewBox='0 0 1536 1024'__filter id='b' col/__feColorMatrix values='1 0 0 0 0 0 1 0 0 0 0 0/_/filter__image width='10]
[labrys.io/insights/_data_image/svg+xml;charset=utf-8,_svg xmlns='http_/www.w3.org/2000/svg' viewBox='0 0 1536 1024'__filter id='b' col/__feColorMatrix values='1 0 0 0 0 0 1 0 0 0 0 0/_/filter__image width='10-2]
[labrys.io/_next/joshua-roy3d4a.jpg]
[labrys.io/team/joshua-roy.html]
[labrys.io/_next/minjae-lee7a58.jpg]
[labrys.io/team/minjae-lee.html]
[labrys.io/_next/emilio-barbierif8e2.jpg]
[labrys.io/team/emilio-barbieri.html]
[labrys.io/_next/max-taylor97f2.jpg]
[labrys.io/team/max-taylor.html]
[labrys.io/insights/_data_image/svg+xml;charset=utf-8,_svg xmlns='http_/www.w3.org/2000/svg' viewBox='0 0 747 513'__filter id='b' color/__feColorMatrix values='1 0 0 0 0 0 1 0 0 0 0 0/_/filter__image width='10]
[labrys.io/insights/_data_image/svg+xml;charset=utf-8,_svg xmlns='http_/www.w3.org/2000/svg' viewBox='0 0 950 534'__filter id='b' color/__feColorMatrix values='1 0 0 0 0 0 1 0 0 0 0 0/_/filter__image width='10]
[labrys.io/insights/_data_image/svg+xml;charset=utf-8,_svg xmlns='http_/www.w3.org/2000/svg' viewBox='0 0 1024 605'__filter id='b' colo/__feColorMatrix values='1 0 0 0 0 0 1 0 0 0 0 0/_/filter__image width='10]
[labrys.io/insights/_data_image/svg+xml;charset=utf-8,_svg xmlns='http_/www.w3.org/2000/svg' viewBox='0 0 1024 605'__filter id='b' colo/__feColorMatrix values='1 0 0 0 0 0 1 0 0 0 0 0/_/filter__image width='10-2]
[labrys.io/insights/_data_image/svg+xml;charset=utf-8,_svg xmlns='http_/www.w3.org/2000/svg' viewBox='0 0 1024 449'__filter id='b' colo/__feColorMatrix values='1 0 0 0 0 0 1 0 0 0 0 0/_/filter__image width='10]
[labrys.io/insights/_data_image/svg+xml;charset=utf-8,_svg xmlns='http_/www.w3.org/2000/svg' viewBox='0 0 769 1024'__filter id='b' colo/__feColorMatrix values='1 0 0 0 0 0 1 0 0 0 0 0/_/filter__image width='10]
[labrys.io/insights/_data_image/svg+xml;charset=utf-8,_svg xmlns='http_/www.w3.org/2000/svg' viewBox='0 0 747 513'__filter id='b' color/__feColorMatrix values='1 0 0 0 0 0 1 0 0 0 0 0/_/filter__image width='10-2]
[labrys.io/insights/_data_image/svg+xml;charset=utf-8,_svg xmlns='http_/www.w3.org/2000/svg' viewBox='0 0 828 436'__filter id='b' color/__feColorMatrix values='1 0 0 0 0 0 1 0 0 0 0 0/_/filter__image width='10]
[labrys.io/insights/_data_image/svg+xml;charset=utf-8,_svg xmlns='http_/www.w3.org/2000/svg' viewBox='0 0 950 534'__filter id='b' color/__feColorMatrix values='1 0 0 0 0 0 1 0 0 0 0 0/_/filter__image width='10-2]
[labrys.io/insights/_data_image/svg+xml;charset=utf-8,_svg xmlns='http_/www.w3.org/2000/svg' viewBox='0 0 828 483'__filter id='b' color/__feColorMatrix values='1 0 0 0 0 0 1 0 0 0 0 0/_/filter__image width='10]
[labrys.io/insights/_data_image/svg+xml;charset=utf-8,_svg xmlns='http_/www.w3.org/2000/svg' viewBox='0 0 1024 449'__filter id='b' colo/__feColorMatrix values='1 0 0 0 0 0 1 0 0 0 0 0/_/filter__image width='10-2]
[labrys.io/insights/_data_image/svg+xml;charset=utf-8,_svg xmlns='http_/www.w3.org/2000/svg' viewBox='0 0 828 608'__filter id='b' color/__feColorMatrix values='1 0 0 0 0 0 1 0 0 0 0 0/_/filter__image width='10]
[labrys.io/insights/_data_image/svg+xml;charset=utf-8,_svg xmlns='http_/www.w3.org/2000/svg' viewBox='0 0 769 1024'__filter id='b' colo/__feColorMatrix values='1 0 0 0 0 0 1 0 0 0 0 0/_/filter__image width='10-2]
[labrys.io/insights/_data_image/svg+xml;charset=utf-8,_svg xmlns='http_/www.w3.org/2000/svg' viewBox='0 0 828 354'__filter id='b' color/__feColorMatrix values='1 0 0 0 0 0 1 0 0 0 0 0/_/filter__image width='10]
[labrys.io/insights/_data_image/svg+xml;charset=utf-8,_svg xmlns='http_/www.w3.org/2000/svg' viewBox='0 0 828 436'__filter id='b' color/__feColorMatrix values='1 0 0 0 0 0 1 0 0 0 0 0/_/filter__image width='10-2]
[labrys.io/insights/_data_image/svg+xml;charset=utf-8,_svg xmlns='http_/www.w3.org/2000/svg' viewBox='0 0 551 779'__filter id='b' color/__feColorMatrix values='1 0 0 0 0 0 1 0 0 0 0 0/_/filter__image width='10]
[labrys.io/insights/_data_image/svg+xml;charset=utf-8,_svg xmlns='http_/www.w3.org/2000/svg' viewBox='0 0 828 483'__filter id='b' color/__feColorMatrix values='1 0 0 0 0 0 1 0 0 0 0 0/_/filter__image width='10-2]
[labrys.io/insights/_data_image/svg+xml;charset=utf-8,_svg xmlns='http_/www.w3.org/2000/svg' viewBox='0 0 640 588'__filter id='b' color/__feColorMatrix values='1 0 0 0 0 0 1 0 0 0 0 0/_/filter__image width='10]
[labrys.io/insights/_data_image/svg+xml;charset=utf-8,_svg xmlns='http_/www.w3.org/2000/svg' viewBox='0 0 828 354'__filter id='b' color/__feColorMatrix values='1 0 0 0 0 0 1 0 0 0 0 0/_/filter__image width='10-2]
[labrys.io/insights/_data_image/svg+xml;charset=utf-8,_svg xmlns='http_/www.w3.org/2000/svg' viewBox='0 0 828 608'__filter id='b' color/__feColorMatrix values='1 0 0 0 0 0 1 0 0 0 0 0/_/filter__image width='10-2]
[labrys.io/insights/_data_image/svg+xml;charset=utf-8,_svg xmlns='http_/www.w3.org/2000/svg' viewBox='0 0 828 393'__filter id='b' color/__feColorMatrix values='1 0 0 0 0 0 1 0 0 0 0 0/_/filter__image width='10]
[labrys.io/insights/_data_image/svg+xml;charset=utf-8,_svg xmlns='http_/www.w3.org/2000/svg' viewBox='0 0 640 385'__filter id='b' color/__feColorMatrix values='1 0 0 0 0 0 1 0 0 0 0 0/_/filter__image width='10]
[labrys.io/insights/_data_image/svg+xml;charset=utf-8,_svg xmlns='http_/www.w3.org/2000/svg' viewBox='0 0 551 779'__filter id='b' color/__feColorMatrix values='1 0 0 0 0 0 1 0 0 0 0 0/_/filter__image width='10-2]
[labrys.io/insights/_data_image/svg+xml;charset=utf-8,_svg xmlns='http_/www.w3.org/2000/svg' viewBox='0 0 640 193'__filter id='b' color/__feColorMatrix values='1 0 0 0 0 0 1 0 0 0 0 0/_/filter__image width='10]
[labrys.io/insights/_data_image/svg+xml;charset=utf-8,_svg xmlns='http_/www.w3.org/2000/svg' viewBox='0 0 640 588'__filter id='b' color/__feColorMatrix values='1 0 0 0 0 0 1 0 0 0 0 0/_/filter__image width='10-2]
[labrys.io/insights/_data_image/svg+xml;charset=utf-8,_svg xmlns='http_/www.w3.org/2000/svg' viewBox='0 0 560 73'__filter id='b' color-/__feColorMatrix values='1 0 0 0 0 0 1 0 0 0 0 0/_/filter__image width='10]
[labrys.io/insights/_data_image/svg+xml;charset=utf-8,_svg xmlns='http_/www.w3.org/2000/svg' viewBox='0 0 828 393'__filter id='b' color/__feColorMatrix values='1 0 0 0 0 0 1 0 0 0 0 0/_/filter__image width='10-2]
[labrys.io/insights/_data_image/svg+xml;charset=utf-8,_svg xmlns='http_/www.w3.org/2000/svg' viewBox='0 0 828 735'__filter id='b' color/__feColorMatrix values='1 0 0 0 0 0 1 0 0 0 0 0/_/filter__image width='10]
[labrys.io/insights/_data_image/svg+xml;charset=utf-8,_svg xmlns='http_/www.w3.org/2000/svg' viewBox='0 0 640 385'__filter id='b' color/__feColorMatrix values='1 0 0 0 0 0 1 0 0 0 0 0/_/filter__image width='10-2]
[labrys.io/insights/_data_image/svg+xml;charset=utf-8,_svg xmlns='http_/www.w3.org/2000/svg' viewBox='0 0 828 480'__filter id='b' color/__feColorMatrix values='1 0 0 0 0 0 1 0 0 0 0 0/_/filter__image width='10]
[labrys.io/insights/_data_image/svg+xml;charset=utf-8,_svg xmlns='http_/www.w3.org/2000/svg' viewBox='0 0 640 193'__filter id='b' color/__feColorMatrix values='1 0 0 0 0 0 1 0 0 0 0 0/_/filter__image width='10-2]
[labrys.io/insights/_data_image/svg+xml;charset=utf-8,_svg xmlns='http_/www.w3.org/2000/svg' viewBox='0 0 828 460'__filter id='b' color/__feColorMatrix values='1 0 0 0 0 0 1 0 0 0 0 0/_/filter__image width='10]
[labrys.io/insights/_data_image/svg+xml;charset=utf-8,_svg xmlns='http_/www.w3.org/2000/svg' viewBox='0 0 560 73'__filter id='b' color-/__feColorMatrix values='1 0 0 0 0 0 1 0 0 0 0 0/_/filter__image width='10-2]
[labrys.io/insights/_data_image/svg+xml;charset=utf-8,_svg xmlns='http_/www.w3.org/2000/svg' viewBox='0 0 681 251'__filter id='b' color/__feColorMatrix values='1 0 0 0 0 0 1 0 0 0 0 0/_/filter__image width='10]
[labrys.io/insights/_data_image/svg+xml;charset=utf-8,_svg xmlns='http_/www.w3.org/2000/svg' viewBox='0 0 828 735'__filter id='b' color/__feColorMatrix values='1 0 0 0 0 0 1 0 0 0 0 0/_/filter__image width='10-2]
[labrys.io/insights/_data_image/svg+xml;charset=utf-8,_svg xmlns='http_/www.w3.org/2000/svg' viewBox='0 0 511 341'__filter id='b' color/__feColorMatrix values='1 0 0 0 0 0 1 0 0 0 0 0/_/filter__image width='10]
[labrys.io/insights/_data_image/svg+xml;charset=utf-8,_svg xmlns='http_/www.w3.org/2000/svg' viewBox='0 0 828 460'__filter id='b' color/__feColorMatrix values='1 0 0 0 0 0 1 0 0 0 0 0/_/filter__image width='10-2]
[labrys.io/insights/_data_image/svg+xml;charset=utf-8,_svg xmlns='http_/www.w3.org/2000/svg' viewBox='0 0 1024 262'__filter id='b' colo/__feColorMatrix values='1 0 0 0 0 0 1 0 0 0 0 0/_/filter__image width='10]
[labrys.io/insights/_data_image/svg+xml;charset=utf-8,_svg xmlns='http_/www.w3.org/2000/svg' viewBox='0 0 681 251'__filter id='b' color/__feColorMatrix values='1 0 0 0 0 0 1 0 0 0 0 0/_/filter__image width='10-2]
[labrys.io/insights/_data_image/svg+xml;charset=utf-8,_svg xmlns='http_/www.w3.org/2000/svg' viewBox='0 0 828 230'__filter id='b' color/__feColorMatrix values='1 0 0 0 0 0 1 0 0 0 0 0/_/filter__image width='10]
[labrys.io/insights/_data_image/svg+xml;charset=utf-8,_svg xmlns='http_/www.w3.org/2000/svg' viewBox='0 0 828 480'__filter id='b' color/__feColorMatrix values='1 0 0 0 0 0 1 0 0 0 0 0/_/filter__image width='10-2]
[labrys.io/insights/_data_image/svg+xml;charset=utf-8,_svg xmlns='http_/www.w3.org/2000/svg' viewBox='0 0 828 339'__filter id='b' color/__feColorMatrix values='1 0 0 0 0 0 1 0 0 0 0 0/_/filter__image width='10]
[labrys.io/insights/_data_image/svg+xml;charset=utf-8,_svg xmlns='http_/www.w3.org/2000/svg' viewBox='0 0 511 341'__filter id='b' color/__feColorMatrix values='1 0 0 0 0 0 1 0 0 0 0 0/_/filter__image width='10-2]
[labrys.io/insights/_data_image/svg+xml;charset=utf-8,_svg xmlns='http_/www.w3.org/2000/svg' viewBox='0 0 431 181'__filter id='b' color/__feColorMatrix values='1 0 0 0 0 0 1 0 0 0 0 0/_/filter__image width='10]
[labrys.io/insights/_data_image/svg+xml;charset=utf-8,_svg xmlns='http_/www.w3.org/2000/svg' viewBox='0 0 1024 262'__filter id='b' colo/__feColorMatrix values='1 0 0 0 0 0 1 0 0 0 0 0/_/filter__image width='10-2]
[labrys.io/insights/_data_image/svg+xml;charset=utf-8,_svg xmlns='http_/www.w3.org/2000/svg' viewBox='0 0 828 426'__filter id='b' color/__feColorMatrix values='1 0 0 0 0 0 1 0 0 0 0 0/_/filter__image width='10]
[labrys.io/insights/_data_image/svg+xml;charset=utf-8,_svg xmlns='http_/www.w3.org/2000/svg' viewBox='0 0 828 230'__filter id='b' color/__feColorMatrix values='1 0 0 0 0 0 1 0 0 0 0 0/_/filter__image width='10-2]
[labrys.io/insights/_data_image/svg+xml;charset=utf-8,_svg xmlns='http_/www.w3.org/2000/svg' viewBox='0 0 828 346'__filter id='b' color/__feColorMatrix values='1 0 0 0 0 0 1 0 0 0 0 0/_/filter__image width='10]
[labrys.io/insights/_data_image/svg+xml;charset=utf-8,_svg xmlns='http_/www.w3.org/2000/svg' viewBox='0 0 431 181'__filter id='b' color/__feColorMatrix values='1 0 0 0 0 0 1 0 0 0 0 0/_/filter__image width='10-2]
[labrys.io/insights/_data_image/svg+xml;charset=utf-8,_svg xmlns='http_/www.w3.org/2000/svg' viewBox='0 0 828 339'__filter id='b' color/__feColorMatrix values='1 0 0 0 0 0 1 0 0 0 0 0/_/filter__image width='10-2]
[labrys.io/insights/_data_image/svg+xml;charset=utf-8,_svg xmlns='http_/www.w3.org/2000/svg' viewBox='0 0 651 312'__filter id='b' color/__feColorMatrix values='1 0 0 0 0 0 1 0 0 0 0 0/_/filter__image width='10]
[labrys.io/insights/_data_image/svg+xml;charset=utf-8,_svg xmlns='http_/www.w3.org/2000/svg' viewBox='0 0 828 294'__filter id='b' color/__feColorMatrix values='1 0 0 0 0 0 1 0 0 0 0 0/_/filter__image width='10]
[labrys.io/insights/_data_image/svg+xml;charset=utf-8,_svg xmlns='http_/www.w3.org/2000/svg' viewBox='0 0 828 426'__filter id='b' color/__feColorMatrix values='1 0 0 0 0 0 1 0 0 0 0 0/_/filter__image width='10-2]
[labrys.io/insights/_data_image/svg+xml;charset=utf-8,_svg xmlns='http_/www.w3.org/2000/svg' viewBox='0 0 828 290'__filter id='b' color/__feColorMatrix values='1 0 0 0 0 0 1 0 0 0 0 0/_/filter__image width='10]
[labrys.io/insights/_data_image/svg+xml;charset=utf-8,_svg xmlns='http_/www.w3.org/2000/svg' viewBox='0 0 651 312'__filter id='b' color/__feColorMatrix values='1 0 0 0 0 0 1 0 0 0 0 0/_/filter__image width='10-2]
[labrys.io/insights/_data_image/svg+xml;charset=utf-8,_svg xmlns='http_/www.w3.org/2000/svg' viewBox='0 0 828 346'__filter id='b' color/__feColorMatrix values='1 0 0 0 0 0 1 0 0 0 0 0/_/filter__image width='10-2]
[labrys.io/insights/_data_image/svg+xml;charset=utf-8,_svg xmlns='http_/www.w3.org/2000/svg' viewBox='0 0 621 371'__filter id='b' color/__feColorMatrix values='1 0 0 0 0 0 1 0 0 0 0 0/_/filter__image width='10]
[labrys.io/insights/_data_image/svg+xml;charset=utf-8,_svg xmlns='http_/www.w3.org/2000/svg' viewBox='0 0 621 398'__filter id='b' color/__feColorMatrix values='1 0 0 0 0 0 1 0 0 0 0 0/_/filter__image width='10]
[labrys.io/insights/_data_image/svg+xml;charset=utf-8,_svg xmlns='http_/www.w3.org/2000/svg' viewBox='0 0 828 294'__filter id='b' color/__feColorMatrix values='1 0 0 0 0 0 1 0 0 0 0 0/_/filter__image width='10-2]
[labrys.io/insights/_data_image/svg+xml;charset=utf-8,_svg xmlns='http_/www.w3.org/2000/svg' viewBox='0 0 441 161'__filter id='b' color/__feColorMatrix values='1 0 0 0 0 0 1 0 0 0 0 0/_/filter__image width='10]
[labrys.io/insights/_data_image/svg+xml;charset=utf-8,_svg xmlns='http_/www.w3.org/2000/svg' viewBox='0 0 828 290'__filter id='b' color/__feColorMatrix values='1 0 0 0 0 0 1 0 0 0 0 0/_/filter__image width='10-2]
[labrys.io/insights/_data_image/svg+xml;charset=utf-8,_svg xmlns='http_/www.w3.org/2000/svg' viewBox='0 0 828 600'__filter id='b' color/__feColorMatrix values='1 0 0 0 0 0 1 0 0 0 0 0/_/filter__image width='10]
[labrys.io/insights/_data_image/svg+xml;charset=utf-8,_svg xmlns='http_/www.w3.org/2000/svg' viewBox='0 0 621 371'__filter id='b' color/__feColorMatrix values='1 0 0 0 0 0 1 0 0 0 0 0/_/filter__image width='10-2]
[labrys.io/insights/_data_image/svg+xml;charset=utf-8,_svg xmlns='http_/www.w3.org/2000/svg' viewBox='0 0 828 466'__filter id='b' color/__feColorMatrix values='1 0 0 0 0 0 1 0 0 0 0 0/_/filter__image width='10]
[labrys.io/insights/_data_image/svg+xml;charset=utf-8,_svg xmlns='http_/www.w3.org/2000/svg' viewBox='0 0 441 161'__filter id='b' color/__feColorMatrix values='1 0 0 0 0 0 1 0 0 0 0 0/_/filter__image width='10-2]
[labrys.io/insights/_data_image/svg+xml;charset=utf-8,_svg xmlns='http_/www.w3.org/2000/svg' viewBox='0 0 384 512'__filter id='b' color/__feColorMatrix values='1 0 0 0 0 0 1 0 0 0 0 0/_/filter__image width='10]
[labrys.io/insights/_data_image/svg+xml;charset=utf-8,_svg xmlns='http_/www.w3.org/2000/svg' viewBox='0 0 828 600'__filter id='b' color/__feColorMatrix values='1 0 0 0 0 0 1 0 0 0 0 0/_/filter__image width='10-2]
[labrys.io/insights/_data_image/svg+xml;charset=utf-8,_svg xmlns='http_/www.w3.org/2000/svg' viewBox='0 0 640 480'__filter id='b' color/__feColorMatrix values='1 0 0 0 0 0 1 0 0 0 0 0/_/filter__image width='10]
[labrys.io/insights/_data_image/svg+xml;charset=utf-8,_svg xmlns='http_/www.w3.org/2000/svg' viewBox='0 0 828 466'__filter id='b' color/__feColorMatrix values='1 0 0 0 0 0 1 0 0 0 0 0/_/filter__image width='10-2]
[labrys.io/insights/_data_image/svg+xml;charset=utf-8,_svg xmlns='http_/www.w3.org/2000/svg' viewBox='0 0 690 274'__filter id='b' color/__feColorMatrix values='1 0 0 0 0 0 1 0 0 0 0 0/_/filter__image width='10]
[labrys.io/insights/_data_image/svg+xml;charset=utf-8,_svg xmlns='http_/www.w3.org/2000/svg' viewBox='0 0 621 398'__filter id='b' color/__feColorMatrix values='1 0 0 0 0 0 1 0 0 0 0 0/_/filter__image width='10-2]
[labrys.io/services-blockchain/_data_image/svg+xml;charset=utf-8,_svg xmlns='http_/www.w3.org/2000/svg' __filter id='b' color-interpolation-filter/__feColorMatrix values='1 0 0 0 0 0 1/filter__image width='10-2]
[labrys.io/services-ai/_data_image/svg+xml;charset=utf-8,_svg xmlns='http_/www.w3.org/2000/svg' __filter id='b' color-interpolation-filter/__feColorMatrix values='1 0 0 0 0 0 1 0 0 0 0/filter__image width='10-2]
[labrys.io/projects/_data_image/svg+xml;charset=utf-8,_svg xmlns='http_/www.w3.org/2000/svg' __filter id='b' color-interpolation-filter/__feColorMatrix values='1 0 0 0 0 0 1 0 0 0 0 0/_/filter__image width='10-2]
[labrys.io/projects/_data_image/svg+xml;charset=utf-8,_svg xmlns='http_/www.w3.org/2000/svg' viewBox='0 0 800 600'__filter id='b' color/__feColorMatrix values='1 0 0 0 0 0 1 0 0 0 0 0/_/filter__image width='10-2]
[labrys.io/team/_data_image/svg+xml;charset=utf-8,_svg xmlns='http_/www.w3.org/2000/svg' __filter id='b' color-interpolation-filter/__feColorMatrix values='1 0 0 0 0 0 1 0 0 0 0 0/__feF/filter__image width='10]
[labrys.io/insights/_data_image/svg+xml;charset=utf-8,_svg xmlns='http_/www.w3.org/2000/svg' viewBox='0 0 690 274'__filter id='b' color/__feColorMatrix values='1 0 0 0 0 0 1 0 0 0 0 0/_/filter__image width='10-2]
[labrys.io/insights/_data_image/svg+xml;charset=utf-8,_svg xmlns='http_/www.w3.org/2000/svg' viewBox='0 0 640 480'__filter id='b' color/__feColorMatrix values='1 0 0 0 0 0 1 0 0 0 0 0/_/filter__image width='10-2]
[labrys.io/insights/_data_image/svg+xml;charset=utf-8,_svg xmlns='http_/www.w3.org/2000/svg' __filter id='b' color-interpolation-filter/__feColorMatrix values='1 0 0 0 0 0 1 0 0 0 0 0/_/filter__image width='10-2]
[labrys.io/insights/_data_image/svg+xml;charset=utf-8,_svg xmlns='http_/www.w3.org/2000/svg' viewBox='0 0 800 450'__filter id='b' color/__feColorMatrix values='1 0 0 0 0 0 1 0 0 0 0 0/_/filter__image width='10-2]
[labrys.io/insights/_data_image/svg+xml;charset=utf-8,_svg xmlns='http_/www.w3.org/2000/svg' viewBox='0 0 1536 1024'__filter id='b' col/__feColorMatrix values='1 0 0 0 0 0 1 0 0 0 0 0/_/filter__image width='10-2]
[labrys.io/insights/_data_image/svg+xml;charset=utf-8,_svg xmlns='http_/www.w3.org/2000/svg' viewBox='0 0 747 513'__filter id='b' color/__feColorMatrix values='1 0 0 0 0 0 1 0 0 0 0 0/_/filter__image width='10-2]
[labrys.io/insights/_data_image/svg+xml;charset=utf-8,_svg xmlns='http_/www.w3.org/2000/svg' viewBox='0 0 950 534'__filter id='b' color/__feColorMatrix values='1 0 0 0 0 0 1 0 0 0 0 0/_/filter__image width='10-2]
[labrys.io/insights/_data_image/svg+xml;charset=utf-8,_svg xmlns='http_/www.w3.org/2000/svg' viewBox='0 0 1024 605'__filter id='b' colo/__feColorMatrix values='1 0 0 0 0 0 1 0 0 0 0 0/_/filter__image width='10-2]
[labrys.io/insights/_data_image/svg+xml;charset=utf-8,_svg xmlns='http_/www.w3.org/2000/svg' viewBox='0 0 1024 449'__filter id='b' colo/__feColorMatrix values='1 0 0 0 0 0 1 0 0 0 0 0/_/filter__image width='10-2]
[labrys.io/insights/_data_image/svg+xml;charset=utf-8,_svg xmlns='http_/www.w3.org/2000/svg' viewBox='0 0 769 1024'__filter id='b' colo/__feColorMatrix values='1 0 0 0 0 0 1 0 0 0 0 0/_/filter__image width='10-2]
[labrys.io/insights/_data_image/svg+xml;charset=utf-8,_svg xmlns='http_/www.w3.org/2000/svg' viewBox='0 0 828 436'__filter id='b' color/__feColorMatrix values='1 0 0 0 0 0 1 0 0 0 0 0/_/filter__image width='10-2]
[labrys.io/insights/_data_image/svg+xml;charset=utf-8,_svg xmlns='http_/www.w3.org/2000/svg' viewBox='0 0 828 483'__filter id='b' color/__feColorMatrix values='1 0 0 0 0 0 1 0 0 0 0 0/_/filter__image width='10-2]
[labrys.io/insights/_data_image/svg+xml;charset=utf-8,_svg xmlns='http_/www.w3.org/2000/svg' viewBox='0 0 828 608'__filter id='b' color/__feColorMatrix values='1 0 0 0 0 0 1 0 0 0 0 0/_/filter__image width='10-2]
[labrys.io/insights/_data_image/svg+xml;charset=utf-8,_svg xmlns='http_/www.w3.org/2000/svg' viewBox='0 0 828 354'__filter id='b' color/__feColorMatrix values='1 0 0 0 0 0 1 0 0 0 0 0/_/filter__image width='10-2]
[labrys.io/insights/_data_image/svg+xml;charset=utf-8,_svg xmlns='http_/www.w3.org/2000/svg' viewBox='0 0 551 779'__filter id='b' color/__feColorMatrix values='1 0 0 0 0 0 1 0 0 0 0 0/_/filter__image width='10-2]
[labrys.io/insights/_data_image/svg+xml;charset=utf-8,_svg xmlns='http_/www.w3.org/2000/svg' viewBox='0 0 640 588'__filter id='b' color/__feColorMatrix values='1 0 0 0 0 0 1 0 0 0 0 0/_/filter__image width='10-2]
[labrys.io/insights/_data_image/svg+xml;charset=utf-8,_svg xmlns='http_/www.w3.org/2000/svg' viewBox='0 0 828 393'__filter id='b' color/__feColorMatrix values='1 0 0 0 0 0 1 0 0 0 0 0/_/filter__image width='10-2]
[labrys.io/insights/_data_image/svg+xml;charset=utf-8,_svg xmlns='http_/www.w3.org/2000/svg' viewBox='0 0 640 385'__filter id='b' color/__feColorMatrix values='1 0 0 0 0 0 1 0 0 0 0 0/_/filter__image width='10-2]
[labrys.io/insights/_data_image/svg+xml;charset=utf-8,_svg xmlns='http_/www.w3.org/2000/svg' viewBox='0 0 640 193'__filter id='b' color/__feColorMatrix values='1 0 0 0 0 0 1 0 0 0 0 0/_/filter__image width='10-2]
[labrys.io/insights/_data_image/svg+xml;charset=utf-8,_svg xmlns='http_/www.w3.org/2000/svg' viewBox='0 0 560 73'__filter id='b' color-/__feColorMatrix values='1 0 0 0 0 0 1 0 0 0 0 0/_/filter__image width='10-2]
[labrys.io/insights/_data_image/svg+xml;charset=utf-8,_svg xmlns='http_/www.w3.org/2000/svg' viewBox='0 0 828 735'__filter id='b' color/__feColorMatrix values='1 0 0 0 0 0 1 0 0 0 0 0/_/filter__image width='10-2]
[labrys.io/insights/_data_image/svg+xml;charset=utf-8,_svg xmlns='http_/www.w3.org/2000/svg' viewBox='0 0 828 480'__filter id='b' color/__feColorMatrix values='1 0 0 0 0 0 1 0 0 0 0 0/_/filter__image width='10-2]
[labrys.io/insights/_data_image/svg+xml;charset=utf-8,_svg xmlns='http_/www.w3.org/2000/svg' viewBox='0 0 828 460'__filter id='b' color/__feColorMatrix values='1 0 0 0 0 0 1 0 0 0 0 0/_/filter__image width='10-2]
[labrys.io/insights/_data_image/svg+xml;charset=utf-8,_svg xmlns='http_/www.w3.org/2000/svg' viewBox='0 0 681 251'__filter id='b' color/__feColorMatrix values='1 0 0 0 0 0 1 0 0 0 0 0/_/filter__image width='10-2]
[labrys.io/insights/_data_image/svg+xml;charset=utf-8,_svg xmlns='http_/www.w3.org/2000/svg' viewBox='0 0 511 341'__filter id='b' color/__feColorMatrix values='1 0 0 0 0 0 1 0 0 0 0 0/_/filter__image width='10-2]
[labrys.io/insights/_data_image/svg+xml;charset=utf-8,_svg xmlns='http_/www.w3.org/2000/svg' viewBox='0 0 1024 262'__filter id='b' colo/__feColorMatrix values='1 0 0 0 0 0 1 0 0 0 0 0/_/filter__image width='10-2]
[labrys.io/insights/_data_image/svg+xml;charset=utf-8,_svg xmlns='http_/www.w3.org/2000/svg' viewBox='0 0 828 230'__filter id='b' color/__feColorMatrix values='1 0 0 0 0 0 1 0 0 0 0 0/_/filter__image width='10-2]
[labrys.io/insights/_data_image/svg+xml;charset=utf-8,_svg xmlns='http_/www.w3.org/2000/svg' viewBox='0 0 828 339'__filter id='b' color/__feColorMatrix values='1 0 0 0 0 0 1 0 0 0 0 0/_/filter__image width='10-2]
[labrys.io/insights/_data_image/svg+xml;charset=utf-8,_svg xmlns='http_/www.w3.org/2000/svg' viewBox='0 0 431 181'__filter id='b' color/__feColorMatrix values='1 0 0 0 0 0 1 0 0 0 0 0/_/filter__image width='10-2]
[labrys.io/insights/_data_image/svg+xml;charset=utf-8,_svg xmlns='http_/www.w3.org/2000/svg' viewBox='0 0 828 426'__filter id='b' color/__feColorMatrix values='1 0 0 0 0 0 1 0 0 0 0 0/_/filter__image width='10-2]
[labrys.io/insights/_data_image/svg+xml;charset=utf-8,_svg xmlns='http_/www.w3.org/2000/svg' viewBox='0 0 828 346'__filter id='b' color/__feColorMatrix values='1 0 0 0 0 0 1 0 0 0 0 0/_/filter__image width='10-2]
[labrys.io/insights/_data_image/svg+xml;charset=utf-8,_svg xmlns='http_/www.w3.org/2000/svg' viewBox='0 0 651 312'__filter id='b' color/__feColorMatrix values='1 0 0 0 0 0 1 0 0 0 0 0/_/filter__image width='10-2]
[labrys.io/insights/_data_image/svg+xml;charset=utf-8,_svg xmlns='http_/www.w3.org/2000/svg' viewBox='0 0 828 294'__filter id='b' color/__feColorMatrix values='1 0 0 0 0 0 1 0 0 0 0 0/_/filter__image width='10-2]
[labrys.io/insights/_data_image/svg+xml;charset=utf-8,_svg xmlns='http_/www.w3.org/2000/svg' viewBox='0 0 828 290'__filter id='b' color/__feColorMatrix values='1 0 0 0 0 0 1 0 0 0 0 0/_/filter__image width='10-2]
[labrys.io/insights/_data_image/svg+xml;charset=utf-8,_svg xmlns='http_/www.w3.org/2000/svg' viewBox='0 0 621 371'__filter id='b' color/__feColorMatrix values='1 0 0 0 0 0 1 0 0 0 0 0/_/filter__image width='10-2]
[labrys.io/insights/_data_image/svg+xml;charset=utf-8,_svg xmlns='http_/www.w3.org/2000/svg' viewBox='0 0 621 398'__filter id='b' color/__feColorMatrix values='1 0 0 0 0 0 1 0 0 0 0 0/_/filter__image width='10-2]
[labrys.io/insights/_data_image/svg+xml;charset=utf-8,_svg xmlns='http_/www.w3.org/2000/svg' viewBox='0 0 441 161'__filter id='b' color/__feColorMatrix values='1 0 0 0 0 0 1 0 0 0 0 0/_/filter__image width='10-2]
[labrys.io/insights/_data_image/svg+xml;charset=utf-8,_svg xmlns='http_/www.w3.org/2000/svg' viewBox='0 0 828 600'__filter id='b' color/__feColorMatrix values='1 0 0 0 0 0 1 0 0 0 0 0/_/filter__image width='10-2]
[labrys.io/insights/_data_image/svg+xml;charset=utf-8,_svg xmlns='http_/www.w3.org/2000/svg' viewBox='0 0 828 466'__filter id='b' color/__feColorMatrix values='1 0 0 0 0 0 1 0 0 0 0 0/_/filter__image width='10-2]
[labrys.io/insights/_data_image/svg+xml;charset=utf-8,_svg xmlns='http_/www.w3.org/2000/svg' viewBox='0 0 384 512'__filter id='b' color/__feColorMatrix values='1 0 0 0 0 0 1 0 0 0 0 0/_/filter__image width='10-2]
[labrys.io/insights/_data_image/svg+xml;charset=utf-8,_svg xmlns='http_/www.w3.org/2000/svg' viewBox='0 0 384 512'__filter id='b' color/__feColorMatrix values='1 0 0 0 0 0 1 0 0 0 0 0/_/filter__image width='10-2]
[labrys.io/insights/_data_image/svg+xml;charset=utf-8,_svg xmlns='http_/www.w3.org/2000/svg' viewBox='0 0 640 480'__filter id='b' color/__feColorMatrix values='1 0 0 0 0 0 1 0 0 0 0 0/_/filter__image width='10-2]
[labrys.io/insights/_data_image/svg+xml;charset=utf-8,_svg xmlns='http_/www.w3.org/2000/svg' viewBox='0 0 690 274'__filter id='b' color/__feColorMatrix values='1 0 0 0 0 0 1 0 0 0 0 0/_/filter__image width='10-2]
[labrys.io/team/_data_image/svg+xml;charset=utf-8,_svg xmlns='http_/www.w3.org/2000/svg' __filter id='b' color-interpolation-filter/__feColorMatrix values='1 0 0 0 0 0 1 0 0 0 0 0/__feF/filter__image width='10-2]
[labrys.io/team/_data_image/svg+xml;charset=utf-8,_svg xmlns='http_/www.w3.org/2000/svg' __filter id='b' color-interpolation-filter/__feColorMatrix values='1 0 0 0 0 0 1 0 0 0 0 0/__feF/filter__image width='10-2]
